asus@asus9 MINGW64 /f/github
$ cd my blog
bash: cd: my: No such file or directory

asus@asus9 MINGW64 /f/github
$ cd github
bash: cd: github: No such file or directory

asus@asus9 MINGW64 /f/github
$ git push -u origin master
fatal: Not a git repository (or any of the parent directories): .git

asus@asus9 MINGW64 /f/github
$ git init
Initialized empty Git repository in F:/github/.git/

asus@asus9 MINGW64 /f/github (master)
$ git add
Nothing specified, nothing added.
Maybe you wanted to say 'git add .'?

asus@asus9 MINGW64 /f/github (master)
$ git add.
git: 'add.' is not a git command. See 'git --help'.

Did you mean this?
        add

asus@asus9 MINGW64 /f/github (master)
$ git add .
warning: LF will be replaced by CRLF in .idea/encodings.xml.
The file will have its original line endings in your working directory.
warning: LF will be replaced by CRLF in .idea/github.iml.
The file will have its original line endings in your working directory.
warning: LF will be replaced by CRLF in .idea/misc.xml.
The file will have its original line endings in your working directory.
warning: LF will be replaced by CRLF in .idea/modules.xml.
The file will have its original line endings in your working directory.
warning: LF will be replaced by CRLF in .idea/workspace.xml.
The file will have its original line endings in your working directory.

asus@asus9 MINGW64 /f/github (master)
$ git commit -m "2410495654"
[master (root-commit) 0f8868c] 2410495654
 Committer: fxp <fxp>
Your name and email address were configured automatically based
on your username and hostname. Please check that they are accurate.
You can suppress this message by setting them explicitly:

    git config --global user.name "Your Name"
    git config --global user.email you@example.com

After doing this, you may fix the identity used for this commit with:

    git commit --amend --reset-author

warning: LF will be replaced by CRLF in .idea/encodings.xml.
The file will have its original line endings in your working directory.
warning: LF will be replaced by CRLF in .idea/github.iml.
The file will have its original line endings in your working directory.
warning: LF will be replaced by CRLF in .idea/misc.xml.
The file will have its original line endings in your working directory.
warning: LF will be replaced by CRLF in .idea/modules.xml.
The file will have its original line endings in your working directory.
warning: LF will be replaced by CRLF in .idea/workspace.xml.
The file will have its original line endings in your working directory.
 13 files changed, 795 insertions(+)
 create mode 100644 .idea/.name
 create mode 100644 .idea/encodings.xml
 create mode 100644 .idea/github.iml
 create mode 100644 .idea/misc.xml
 create mode 100644 .idea/modules.xml
 create mode 100644 .idea/workspace.xml
 create mode 100644 2410495654/css/scss.css
 create mode 100644 2410495654/css/scss.css.map
 create mode 100644 2410495654/css/scss.scss
 create mode 100644 2410495654/images/octocat-2x.png
 create mode 100644 2410495654/images/octocat.png
 create mode 100644 2410495654/index.html
 create mode 160000 text/2410495654.github.io

asus@asus9 MINGW64 /f/github (master)
$ git remote add origin git@github.com:2410495654/2410495654.git.io

asus@asus9 MINGW64 /f/github (master)
$ git pull origin master
The authenticity of host 'github.com (192.30.252.129)' can't be established.
RSA key fingerprint is SHA256:nThbg6kXUpJWGl7E1IGOCspRomTxdCARLviKw6E5SY8.
Are you sure you want to continue connecting (yes/no)? yes
Warning: Permanently added 'github.com,192.30.252.129' (RSA) to the list of know          n hosts.
Permission denied (publickey).
fatal: Could not read from remote repository.

Please make sure you have the correct access rights
and the repository exists.

asus@asus9 MINGW64 /f/github (master)
$ git push -u origin master
Warning: Permanently added the RSA host key for IP address '192.30.252.131' to t          he list of known hosts.
Permission denied (publickey).
fatal: Could not read from remote repository.

Please make sure you have the correct access rights
and the repository exists.

asus@asus9 MINGW64 /f/github (master)
$ 2410495654
bash: 2410495654: command not found

asus@asus9 MINGW64 /f/github (master)
$ fxp849130071
bash: fxp849130071: command not found

asus@asus9 MINGW64 /f/github (master)
$ git remote add origin github.com/2410495654/2410495654.github.io.git
fatal: remote origin already exists.

asus@asus9 MINGW64 /f/github (master)
$ git push -u origin master
Permission denied (publickey).
fatal: Could not read from remote repository.

Please make sure you have the correct access rights
and the repository exists.

asus@asus9 MINGW64 /f/github (master)
$
